java.lang.ClassCastException: class java.lang.UnsupportedOperationException cannot be cast to class xsbti.FullReload (java.lang.UnsupportedOperationException is in module java.base of loader 'bootstrap'; xsbti.FullReload is in unnamed module of loader 'app')
	at sbt.internal.XMainConfiguration.run(XMainConfiguration.java:59)
	at sbt.xMain.run(Main.scala:46)
	at xsbt.boot.Launch$.$anonfun$run$1(Launch.scala:149)
	at xsbt.boot.Launch$.withContextLoader(Launch.scala:176)
	at xsbt.boot.Launch$.run(Launch.scala:149)
	at xsbt.boot.Launch$.$anonfun$apply$1(Launch.scala:44)
	at xsbt.boot.Launch$.launch(Launch.scala:159)
	at xsbt.boot.Launch$.apply(Launch.scala:44)
	at xsbt.boot.Launch$.apply(Launch.scala:21)
	at xsbt.boot.Boot$.runImpl(Boot.scala:78)
	at xsbt.boot.Boot$.run(Boot.scala:73)
	at xsbt.boot.Boot$.main(Boot.scala:21)
	at xsbt.boot.Boot.main(Boot.scala)
[error] [launcher] error during sbt launcher: java.lang.ClassCastException: class java.lang.UnsupportedOperationException cannot be cast to class xsbti.FullReload (java.lang.UnsupportedOperationException is in module java.base of loader 'bootstrap'; xsbti.FullReload is in unnamed module of loader 'app')
